// Jest Snapshot v1, https://goo.gl/fbAQLP

exports[`renders ./components/activity-indicator/demo/basic.md correctly 1`] = `
<div>
  <div
    class="am-wingblank am-wingblank-lg"
  >
    <div
      class="loading-container"
    >
      <p
        class="sub-title"
      >
        icon无文案
      </p>
      <div
        class="loading-example"
      >
        <div
          class="am-activity-indicator am-activity-indicator-sm"
        >
          <span
            aria-label="loading"
            class="am-activity-indicator-spinner"
          />
        </div>
      </div>
      <div
        class="am-whitespace am-whitespace-xl"
      />
      <p
        class="sub-title"
      >
        icon带文案
      </p>
      <div
        class="loading-example"
      >
        <div
          class="am-activity-indicator am-activity-indicator-sm"
        >
          <span
            aria-hidden="true"
            class="am-activity-indicator-spinner"
          />
          <span
            class="am-activity-indicator-tip"
          >
            加载中...
          </span>
        </div>
      </div>
      <div
        class="am-whitespace am-whitespace-xl"
      />
      <p
        class="sub-title"
      >
        大号icon，自定义文案样式
      </p>
      <div
        class="loading-example"
      >
        <div
          class="align"
        >
          <div
            class="am-activity-indicator am-activity-indicator-lg"
          >
            <span
              aria-label="loading"
              class="am-activity-indicator-spinner am-activity-indicator-spinner-lg"
            />
          </div>
          <span
            style="margin-top:8px;"
          >
            加载中...
          </span>
        </div>
      </div>
    </div>
    <div
      class="toast-container"
    >
      <div
        class="am-whitespace am-whitespace-xl"
      />
      <a
        aria-disabled="false"
        class="am-button"
        role="button"
      >
        <span>
          点击显示 Toast
        </span>
      </a>
      <div
        class="toast-example"
      />
    </div>
  </div>
</div>
`;
