// Jest Snapshot v1, https://goo.gl/fbAQLP

exports[`renders ./components/button/demo/basic.md correctly 1`] = `
<div
  class="am-wingblank am-wingblank-lg"
>
  <div
    class="btn-container"
  >
    <div>
      <a
        aria-disabled="false"
        class="btn am-button am-button-primary"
        role="button"
      >
        <span>
          primary button
        </span>
      </a>
      <a
        aria-disabled="true"
        class="btn am-button am-button-disabled"
        role="button"
      >
        <span>
          disabled button
        </span>
      </a>
      <a
        aria-disabled="false"
        class="btn am-button am-button-loading am-button-icon"
        role="button"
      >
        <svg
          aria-hidden="true"
          class="am-icon am-icon-loading am-icon-md"
        >
          <use
            xlink:href="#loading"
          />
        </svg>
        <span>
          loading button
        </span>
      </a>
      <a
        aria-disabled="false"
        class="btn am-button am-button-icon"
        role="button"
      >
        <svg
          aria-hidden="true"
          class="am-icon am-icon-check-circle-o am-icon-md"
        >
          <use
            xlink:href="#check-circle-o"
          />
        </svg>
        <span>
          with icon
        </span>
      </a>
      <a
        aria-disabled="false"
        class="btn am-button am-button-icon"
        role="button"
      >
        <svg
          aria-hidden="true"
          class="am-icon am-icon-[object Object] am-icon-md"
        >
          <use
            xlink:href="#[object Object]"
          />
        </svg>
        <span>
          with local icon
        </span>
      </a>
      <div
        style="height:0.16rem;"
      />
      <p
        style="margin:30px 0 18px 0;color:#999;"
      >
        inline / small
      </p>
      <div
        class="am-flexbox am-flexbox-align-middle"
        style="margin-bottom:0.16rem;"
      >
        <a
          aria-disabled="false"
          class="am-button am-button-primary am-button-inline"
          role="button"
          style="margin-right:0.08rem;"
        >
          <span>
            inline
          </span>
        </a>
        <a
          aria-disabled="false"
          class="am-button am-button-ghost am-button-small am-button-inline"
          role="button"
          style="margin-right:0.08rem;"
        >
          <span>
            inline small
          </span>
        </a>
        <a
          aria-disabled="false"
          class="am-button am-button-primary am-button-small am-button-inline"
          role="button"
        >
          <span>
            inline small
          </span>
        </a>
      </div>
    </div>
  </div>
</div>
`;

exports[`renders ./components/button/demo/complex.md correctly 1`] = `
<div
  class="am-list"
  style="margin:0.1rem 0;background-color:white;"
>
  <div
    class="am-list-body"
  >
    <div
      class="am-list-item am-list-item-middle"
    >
      <div
        class="am-list-line am-list-line-multiple"
      >
        <div
          class="am-list-content"
        >
          regional manager
          <div
            class="am-list-brief"
          >
            Can be collected, refund, discount management, view data and other operations
          </div>
        </div>
        <div
          class="am-list-extra"
        >
          <a
            aria-disabled="false"
            class="am-button am-button-ghost am-button-small am-button-inline"
            role="button"
          >
            <span>
              small
            </span>
          </a>
        </div>
      </div>
      <div
        class="am-list-ripple"
        style="display:none;"
      />
    </div>
    <div
      class="am-list-item am-list-item-middle"
    >
      <div
        class="am-list-line am-list-line-multiple"
      >
        <div
          class="am-list-content"
        >
          regional manager
          <div
            class="am-list-brief"
          >
            Can be collected, refund, discount management, view data and other operations
          </div>
        </div>
        <div
          class="am-list-extra"
        >
          <a
            aria-disabled="false"
            class="am-button am-button-primary am-button-small am-button-inline"
            role="button"
          >
            <span>
              small
            </span>
          </a>
        </div>
      </div>
      <div
        class="am-list-ripple"
        style="display:none;"
      />
    </div>
  </div>
</div>
`;
