// Jest Snapshot v1, https://goo.gl/fbAQLP

exports[`renders ./components/textarea-item/demo/basic.md correctly 1`] = `
<div>
  <div
    class="am-list"
  >
    <div
      class="am-list-header"
    >
      自定义获取光标
    </div>
    <div
      class="am-list-body"
    >
      <div
        class="am-list-item am-textarea-item"
      >
        <div
          class="am-textarea-label am-textarea-label-5"
        >
          标题
        </div>
        <div
          class="am-textarea-control"
        >
          <textarea
            data-seed="logId"
            placeholder="自动获取光标，支付宝客户端有效"
            rows="1"
          />
        </div>
      </div>
      <div
        class="am-list-item am-textarea-item"
      >
        <div
          class="am-textarea-label am-textarea-label-5"
        >
          标题
        </div>
        <div
          class="am-textarea-control"
        >
          <textarea
            data-seed="logId"
            placeholder="点击下方按钮该输入框会获取光标"
            rows="1"
          />
        </div>
      </div>
      <div
        class="am-list-item am-list-item-middle"
      >
        <div
          class="am-list-line"
        >
          <div
            class="am-list-content"
          >
            <div
              style="width:100%;color:#108ee9;text-align:center;"
            >
              点击获取光标
            </div>
          </div>
        </div>
        <div
          class="am-list-ripple"
          style="display:none;"
        />
      </div>
    </div>
  </div>
  <div
    class="am-whitespace am-whitespace-md"
  />
  <div
    class="am-list"
  >
    <div
      class="am-list-header"
    >
      受控 / 非受控
    </div>
    <div
      class="am-list-body"
    >
      <div
        class="am-list-item am-textarea-item am-textarea-item-single-line"
      >
        <div
          class="am-textarea-label am-textarea-label-5"
        >
          受控组件
        </div>
        <div
          class="am-textarea-control"
        >
          <textarea
            placeholder="Hello World"
            rows="1"
          />
        </div>
      </div>
      <div
        class="am-list-item am-textarea-item am-textarea-item-single-line"
      >
        <div
          class="am-textarea-label am-textarea-label-5"
        >
          非受控组件
        </div>
        <div
          class="am-textarea-control"
        >
          <textarea
            placeholder="请输入内容"
            rows="1"
          />
        </div>
      </div>
    </div>
  </div>
  <div
    class="am-list"
  >
    <div
      class="am-list-header"
    >
      高度自适应 / 固定
    </div>
    <div
      class="am-list-body"
    >
      <div
        class="am-list-item am-textarea-item"
      >
        <div
          class="am-textarea-label am-textarea-label-5"
        >
          高度自适应
        </div>
        <div
          class="am-textarea-control"
        >
          <textarea
            placeholder=""
            rows="1"
          />
        </div>
      </div>
      <div
        class="am-list-item am-textarea-item"
      >
        <div
          class="am-textarea-control"
        >
          <textarea
            placeholder="固定行数,rows"
            rows="3"
          />
        </div>
      </div>
    </div>
  </div>
  <div
    class="am-whitespace am-whitespace-md"
  />
  <div
    class="am-list"
  >
    <div
      class="am-list-header"
    >
      带清除按钮
    </div>
    <div
      class="am-list-body"
    >
      <div
        class="am-list-item am-textarea-item am-textarea-item-single-line"
      >
        <div
          class="am-textarea-label am-textarea-label-5"
        >
          标题
        </div>
        <div
          class="am-textarea-control"
        >
          <textarea
            placeholder="输入会显示清除按钮"
            rows="1"
          />
        </div>
      </div>
    </div>
  </div>
  <div
    class="am-whitespace am-whitespace-md"
  />
  <div
    class="am-list"
  >
    <div
      class="am-list-header"
    >
      标题可自定义（文字 / 图片 / 无标题）
    </div>
    <div
      class="am-list-body"
    >
      <div
        class="am-list-item am-textarea-item am-textarea-item-single-line"
      >
        <div
          class="am-textarea-label am-textarea-label-5"
        >
          <img
            src="https://os.alipayobjects.com/rmsportal/mOoPurdIfmcuqtr.png"
            style="width:0.56rem;height:0.56rem;"
          />
        </div>
        <div
          class="am-textarea-control"
        >
          <textarea
            placeholder="标题可以自定义"
            rows="1"
          />
        </div>
      </div>
    </div>
  </div>
  <div
    class="am-whitespace am-whitespace-md"
  />
  <div
    class="am-list"
  >
    <div
      class="am-list-header"
    >
      限制输入字符数量
    </div>
    <div
      class="am-list-body"
    >
      <div
        class="am-list-item am-textarea-item am-textarea-item-single-line"
      >
        <div
          class="am-textarea-control"
        >
          <textarea
            maxlength="10"
            placeholder="最多输入10个字符"
            rows="1"
          />
        </div>
      </div>
    </div>
  </div>
  <div
    class="am-whitespace am-whitespace-md"
  />
  <div
    class="am-list"
  >
    <div
      class="am-list-header"
    >
      带计数
    </div>
    <div
      class="am-list-body"
    >
      <div
        class="am-list-item am-textarea-item"
      >
        <div
          class="am-textarea-control"
        >
          <textarea
            maxlength="100"
            placeholder=""
            rows="5"
          >
            计数功能,我的意见是...
          </textarea>
        </div>
        <span
          class="am-textarea-count"
        >
          <span>
            13
          </span>
          /100
        </span>
      </div>
    </div>
  </div>
  <div
    class="am-whitespace am-whitespace-md"
  />
  <div
    class="am-list"
  >
    <div
      class="am-list-header"
    >
      不可编辑 / 禁用
    </div>
    <div
      class="am-list-body"
    >
      <div
        class="am-list-item am-textarea-item am-textarea-item-single-line"
      >
        <div
          class="am-textarea-label am-textarea-label-5"
        >
          姓名
        </div>
        <div
          class="am-textarea-control"
        >
          <textarea
            placeholder=""
            readonly=""
            rows="1"
          >
            不可编辑
          </textarea>
        </div>
      </div>
      <div
        class="am-list-item am-textarea-item am-textarea-disabled am-textarea-item-single-line"
      >
        <div
          class="am-textarea-label am-textarea-label-5"
        >
          姓名
        </div>
        <div
          class="am-textarea-control"
        >
          <textarea
            disabled=""
            placeholder=""
            rows="1"
          >
            这个是禁用的样式
          </textarea>
        </div>
      </div>
    </div>
  </div>
</div>
`;
