// Jest Snapshot v1, https://goo.gl/fbAQLP

exports[`renders ./components/tabs/demo/basic.tsx correctly 1`] = `
<View
  style={
    Object {
      "flex": 1,
      "paddingTop": 20,
    }
  }
>
  <View
    onLayout={[Function]}
    style={
      Array [
        Object {
          "flex": 1,
        },
        undefined,
      ]
    }
  >
    <View
      style={
        Array [
          Object {
            "borderColor": "#ccc",
            "borderLeftWidth": 0,
            "borderRightWidth": 0,
            "borderTopWidth": 0,
            "borderWidth": 1,
            "flexDirection": "row",
            "height": 50,
            "justifyContent": "space-around",
          },
          Object {
            "backgroundColor": null,
          },
          Array [
            Object {
              "borderBottomWidth": 1,
              "borderTopWidth": 0,
              "height": 42,
            },
            Object {
              "borderColor": "#ddd",
            },
            null,
          ],
        ]
      }
    >
      <View
        accessibilityComponentType={undefined}
        accessibilityLabel="选项卡一"
        accessibilityTraits="button"
        accessible={true}
        hitSlop={undefined}
        isTVSelectable={true}
        onLayout={undefined}
        onResponderGrant={[Function]}
        onResponderMove={[Function]}
        onResponderRelease={[Function]}
        onResponderTerminate={[Function]}
        onResponderTerminationRequest={[Function]}
        onStartShouldSetResponder={[Function]}
        style={
          Object {
            "flex": 1,
            "opacity": 1,
          }
        }
        testID={undefined}
        tvParallaxProperties={undefined}
      >
        <View
          style={
            Array [
              Object {
                "alignItems": "center",
                "flex": 1,
                "justifyContent": "center",
                "paddingBottom": 10,
              },
              Array [
                Object {
                  "paddingBottom": 0,
                },
              ],
            ]
          }
        >
          <Text
            accessible={true}
            allowFontScaling={true}
            ellipsizeMode="tail"
            style={
              Array [
                Object {
                  "color": "#108ee9",
                  "fontWeight": "bold",
                },
                Array [
                  Object {
                    "fontSize": 15,
                  },
                ],
              ]
            }
          >
            选项卡一
          </Text>
        </View>
      </View>
      <View
        accessibilityComponentType={undefined}
        accessibilityLabel="选项卡二"
        accessibilityTraits="button"
        accessible={true}
        hitSlop={undefined}
        isTVSelectable={true}
        onLayout={undefined}
        onResponderGrant={[Function]}
        onResponderMove={[Function]}
        onResponderRelease={[Function]}
        onResponderTerminate={[Function]}
        onResponderTerminationRequest={[Function]}
        onStartShouldSetResponder={[Function]}
        style={
          Object {
            "flex": 1,
            "opacity": 1,
          }
        }
        testID={undefined}
        tvParallaxProperties={undefined}
      >
        <View
          style={
            Array [
              Object {
                "alignItems": "center",
                "flex": 1,
                "justifyContent": "center",
                "paddingBottom": 10,
              },
              Array [
                Object {
                  "paddingBottom": 0,
                },
              ],
            ]
          }
        >
          <Text
            accessible={true}
            allowFontScaling={true}
            ellipsizeMode="tail"
            style={
              Array [
                Object {
                  "color": "#000",
                  "fontWeight": "normal",
                },
                Array [
                  Object {
                    "fontSize": 15,
                  },
                ],
              ]
            }
          >
            选项卡二
          </Text>
        </View>
      </View>
      <View
        accessibilityComponentType={undefined}
        accessibilityLabel="选项卡三"
        accessibilityTraits="button"
        accessible={true}
        hitSlop={undefined}
        isTVSelectable={true}
        onLayout={undefined}
        onResponderGrant={[Function]}
        onResponderMove={[Function]}
        onResponderRelease={[Function]}
        onResponderTerminate={[Function]}
        onResponderTerminationRequest={[Function]}
        onStartShouldSetResponder={[Function]}
        style={
          Object {
            "flex": 1,
            "opacity": 1,
          }
        }
        testID={undefined}
        tvParallaxProperties={undefined}
      >
        <View
          style={
            Array [
              Object {
                "alignItems": "center",
                "flex": 1,
                "justifyContent": "center",
                "paddingBottom": 10,
              },
              Array [
                Object {
                  "paddingBottom": 0,
                },
              ],
            ]
          }
        >
          <Text
            accessible={true}
            allowFontScaling={true}
            ellipsizeMode="tail"
            style={
              Array [
                Object {
                  "color": "#000",
                  "fontWeight": "normal",
                },
                Array [
                  Object {
                    "fontSize": 15,
                  },
                ],
              ]
            }
          >
            选项卡三
          </Text>
        </View>
      </View>
      <View
        style={
          Object {
            "backgroundColor": "#108ee9",
            "bottom": -1,
            "height": 2,
            "left": 0,
            "position": "absolute",
            "width": 250,
          }
        }
      />
    </View>
    <RCTScrollView
      alwaysBounceVertical={false}
      automaticallyAdjustContentInsets={false}
      contentOffset={
        Object {
          "x": 0,
        }
      }
      directionalLockEnabled={true}
      horizontal={true}
      keyboardDismissMode="on-drag"
      onMomentumScrollBegin={[Function]}
      onMomentumScrollEnd={[Function]}
      onScroll={[Function]}
      pagingEnabled={true}
      scrollEnabled={false}
      scrollEventThrottle={16}
      scrollsToTop={false}
      showsHorizontalScrollIndicator={false}
    >
      <View>
        <View
          style={
            Object {
              "width": 750,
            }
          }
        >
          <View>
            <View
              style={
                Object {
                  "alignItems": "center",
                  "height": 100,
                  "justifyContent": "center",
                }
              }
            >
              <Text
                accessible={true}
                allowFontScaling={true}
                ellipsizeMode="tail"
              >
                选项卡一内容
              </Text>
            </View>
          </View>
        </View>
        <View
          style={
            Object {
              "width": 750,
            }
          }
        >
          <View
            tabLabel="选项卡二"
          />
        </View>
        <View
          style={
            Object {
              "width": 750,
            }
          }
        >
          <View
            tabLabel="选项卡三"
          />
        </View>
      </View>
    </RCTScrollView>
  </View>
</View>
`;
