// Jest Snapshot v1, https://goo.gl/fbAQLP

exports[`renders ./components/checkbox/demo/basic.tsx correctly 1`] = `
<View>
  <View
    style={
      Object {
        "padding": 10,
      }
    }
  >
    <View
      accessibilityComponentType={undefined}
      accessibilityLabel={undefined}
      accessibilityTraits={undefined}
      accessible={true}
      hitSlop={undefined}
      onLayout={undefined}
      onResponderGrant={[Function]}
      onResponderMove={[Function]}
      onResponderRelease={[Function]}
      onResponderTerminate={[Function]}
      onResponderTerminationRequest={[Function]}
      onStartShouldSetResponder={[Function]}
      style={
        Array [
          Object {
            "alignItems": "center",
            "flexDirection": "row",
          },
        ]
      }
      testID={undefined}
    >
      <Image
        source={1}
        style={
          Array [
            Object {
              "height": 21,
              "width": 21,
            },
            Object {
              "tintColor": "#f00",
            },
          ]
        }
      />
    </View>
    <View
      style={
        Array [
          Object {
            "height": 9,
          },
          undefined,
        ]
      }
    />
    <View
      accessibilityComponentType={undefined}
      accessibilityLabel={undefined}
      accessibilityTraits={undefined}
      accessible={true}
      hitSlop={undefined}
      onLayout={undefined}
      onResponderGrant={[Function]}
      onResponderMove={[Function]}
      onResponderRelease={[Function]}
      onResponderTerminate={[Function]}
      onResponderTerminationRequest={[Function]}
      onStartShouldSetResponder={[Function]}
      style={
        Array [
          Object {
            "alignItems": "center",
            "flexDirection": "row",
          },
        ]
      }
      testID={undefined}
    >
      <Image
        source={1}
        style={
          Array [
            Object {
              "height": 21,
              "width": 21,
            },
            undefined,
          ]
        }
      />
      <Text
        accessible={true}
        allowFontScaling={true}
        ellipsizeMode="tail"
        style={
          Object {
            "marginLeft": 8,
          }
        }
      >
        Checkbox
      </Text>
    </View>
    <View
      style={
        Array [
          Object {
            "height": 9,
          },
          undefined,
        ]
      }
    />
    <View
      accessibilityComponentType={undefined}
      accessibilityLabel={undefined}
      accessibilityTraits={undefined}
      accessible={true}
      hitSlop={undefined}
      onLayout={undefined}
      onResponderGrant={[Function]}
      onResponderMove={[Function]}
      onResponderRelease={[Function]}
      onResponderTerminate={[Function]}
      onResponderTerminationRequest={[Function]}
      onStartShouldSetResponder={[Function]}
      style={
        Array [
          Object {
            "alignItems": "center",
            "flexDirection": "row",
          },
        ]
      }
      testID={undefined}
    >
      <Image
        source={1}
        style={
          Array [
            Object {
              "height": 21,
              "width": 21,
            },
            undefined,
          ]
        }
      />
    </View>
    <View
      style={
        Array [
          Object {
            "height": 9,
          },
          undefined,
        ]
      }
    />
    <View
      accessibilityComponentType={undefined}
      accessibilityLabel={undefined}
      accessibilityTraits={undefined}
      accessible={true}
      hitSlop={undefined}
      onLayout={undefined}
      onResponderGrant={[Function]}
      onResponderMove={[Function]}
      onResponderRelease={[Function]}
      onResponderTerminate={[Function]}
      onResponderTerminationRequest={[Function]}
      onStartShouldSetResponder={[Function]}
      style={
        Array [
          Object {
            "alignItems": "center",
            "flexDirection": "row",
          },
        ]
      }
      testID={undefined}
    >
      <Image
        source={1}
        style={
          Array [
            Object {
              "height": 21,
              "width": 21,
            },
            undefined,
          ]
        }
      />
    </View>
  </View>
  <View
    style={
      Array [
        Object {
          "height": 9,
        },
        undefined,
      ]
    }
  />
  <View
    accessibilityComponentType={undefined}
    accessibilityLabel={undefined}
    accessibilityTraits={undefined}
    accessible={true}
    hitSlop={undefined}
    onLayout={undefined}
    onResponderGrant={[Function]}
    onResponderMove={[Function]}
    onResponderRelease={[Function]}
    onResponderTerminate={[Function]}
    onResponderTerminationRequest={[Function]}
    onStartShouldSetResponder={[Function]}
    style={
      Array [
        Object {
          "alignItems": "center",
          "flexDirection": "row",
        },
        undefined,
      ]
    }
    testID={undefined}
  >
    <View
      accessibilityComponentType={undefined}
      accessibilityLabel={undefined}
      accessibilityTraits={undefined}
      accessible={true}
      hitSlop={undefined}
      onLayout={undefined}
      onResponderGrant={[Function]}
      onResponderMove={[Function]}
      onResponderRelease={[Function]}
      onResponderTerminate={[Function]}
      onResponderTerminationRequest={[Function]}
      onStartShouldSetResponder={[Function]}
      style={
        Array [
          Object {
            "alignItems": "center",
            "flexDirection": "row",
          },
        ]
      }
      testID={undefined}
    >
      <Image
        source={1}
        style={
          Array [
            Object {
              "height": 21,
              "width": 21,
            },
            Array [
              Object {
                "marginLeft": 15,
                "marginRight": 8,
              },
              undefined,
            ],
          ]
        }
      />
    </View>
    <View
      style={
        Object {
          "flex": 1,
        }
      }
    >
      <Text
        accessible={true}
        allowFontScaling={true}
        ellipsizeMode="tail"
      >
        同意同意同意同意同意同意同意同意同意同意同意同意同意同意同意同意同意同意同意同意同意
      </Text>
    </View>
  </View>
  <View
    style={
      Array [
        Object {
          "height": 9,
        },
        undefined,
      ]
    }
  />
  <View
    accessibilityComponentType={undefined}
    accessibilityLabel={undefined}
    accessibilityTraits={undefined}
    accessible={true}
    hitSlop={undefined}
    onLayout={undefined}
    onResponderGrant={[Function]}
    onResponderMove={[Function]}
    onResponderRelease={[Function]}
    onResponderTerminate={[Function]}
    onResponderTerminationRequest={[Function]}
    onStartShouldSetResponder={[Function]}
    style={
      Array [
        Object {
          "alignItems": "center",
          "flexDirection": "row",
        },
        undefined,
      ]
    }
    testID={undefined}
  >
    <View
      accessibilityComponentType={undefined}
      accessibilityLabel={undefined}
      accessibilityTraits={undefined}
      accessible={true}
      hitSlop={undefined}
      onLayout={undefined}
      onResponderGrant={[Function]}
      onResponderMove={[Function]}
      onResponderRelease={[Function]}
      onResponderTerminate={[Function]}
      onResponderTerminationRequest={[Function]}
      onStartShouldSetResponder={[Function]}
      style={
        Array [
          Object {
            "alignItems": "center",
            "flexDirection": "row",
          },
        ]
      }
      testID={undefined}
    >
      <Image
        source={1}
        style={
          Array [
            Object {
              "height": 21,
              "width": 21,
            },
            Array [
              Object {
                "marginLeft": 15,
                "marginRight": 8,
              },
              Object {
                "tintColor": "#f00",
              },
            ],
          ]
        }
      />
    </View>
    <View
      style={
        Object {
          "flex": 1,
        }
      }
    >
      <Text
        accessible={true}
        allowFontScaling={true}
        ellipsizeMode="tail"
      >
        同意 《信用支付服务合同
      </Text>
    </View>
  </View>
  <View
    style={
      Array [
        Object {
          "height": 9,
        },
        undefined,
      ]
    }
  />
  <View
    accessibilityComponentType={undefined}
    accessibilityLabel={undefined}
    accessibilityTraits={undefined}
    accessible={true}
    hitSlop={undefined}
    onLayout={undefined}
    onResponderGrant={[Function]}
    onResponderMove={[Function]}
    onResponderRelease={[Function]}
    onResponderTerminate={[Function]}
    onResponderTerminationRequest={[Function]}
    onStartShouldSetResponder={[Function]}
    style={
      Array [
        Object {
          "alignItems": "center",
          "flexDirection": "row",
        },
        undefined,
      ]
    }
    testID={undefined}
  >
    <View
      accessibilityComponentType={undefined}
      accessibilityLabel={undefined}
      accessibilityTraits={undefined}
      accessible={true}
      hitSlop={undefined}
      onLayout={undefined}
      onResponderGrant={[Function]}
      onResponderMove={[Function]}
      onResponderRelease={[Function]}
      onResponderTerminate={[Function]}
      onResponderTerminationRequest={[Function]}
      onStartShouldSetResponder={[Function]}
      style={
        Array [
          Object {
            "alignItems": "center",
            "flexDirection": "row",
          },
        ]
      }
      testID={undefined}
    >
      <Image
        source={1}
        style={
          Array [
            Object {
              "height": 21,
              "width": 21,
            },
            Array [
              Object {
                "marginLeft": 15,
                "marginRight": 8,
              },
              undefined,
            ],
          ]
        }
      />
    </View>
    <View
      style={
        Object {
          "flex": 1,
        }
      }
    >
      <Text
        accessible={true}
        allowFontScaling={true}
        ellipsizeMode="tail"
      >
        未选中，不可编辑 《信用支付服务合同》
      </Text>
    </View>
  </View>
  <View
    style={
      Array [
        Object {
          "height": 9,
        },
        undefined,
      ]
    }
  />
  <View
    accessibilityComponentType={undefined}
    accessibilityLabel={undefined}
    accessibilityTraits={undefined}
    accessible={true}
    hitSlop={undefined}
    onLayout={undefined}
    onResponderGrant={[Function]}
    onResponderMove={[Function]}
    onResponderRelease={[Function]}
    onResponderTerminate={[Function]}
    onResponderTerminationRequest={[Function]}
    onStartShouldSetResponder={[Function]}
    style={
      Array [
        Object {
          "alignItems": "center",
          "flexDirection": "row",
        },
        undefined,
      ]
    }
    testID={undefined}
  >
    <View
      accessibilityComponentType={undefined}
      accessibilityLabel={undefined}
      accessibilityTraits={undefined}
      accessible={true}
      hitSlop={undefined}
      onLayout={undefined}
      onResponderGrant={[Function]}
      onResponderMove={[Function]}
      onResponderRelease={[Function]}
      onResponderTerminate={[Function]}
      onResponderTerminationRequest={[Function]}
      onStartShouldSetResponder={[Function]}
      style={
        Array [
          Object {
            "alignItems": "center",
            "flexDirection": "row",
          },
        ]
      }
      testID={undefined}
    >
      <Image
        source={1}
        style={
          Array [
            Object {
              "height": 21,
              "width": 21,
            },
            Array [
              Object {
                "marginLeft": 15,
                "marginRight": 8,
              },
              undefined,
            ],
          ]
        }
      />
    </View>
    <View
      style={
        Object {
          "flex": 1,
        }
      }
    >
      <Text
        accessible={true}
        allowFontScaling={true}
        ellipsizeMode="tail"
      >
        强制选中,不可编辑 《信用支付服务合同信用支付服务合同信用支付服务合同》
      </Text>
    </View>
  </View>
  <View
    style={
      Object {
        "marginTop": 12,
      }
    }
  >
    <View
      style={
        Object {
          "backgroundColor": "#fff",
          "borderTopColor": "#ddd",
          "borderTopWidth": 0.5,
        }
      }
    >
      <Text
        accessible={true}
        allowFontScaling={true}
        ellipsizeMode="tail"
        style={
          Object {
            "marginTop": 12,
          }
        }
      >
        表单多选项，普通列表中多选项
      </Text>
      <View
        accessibilityComponentType={undefined}
        accessibilityLabel={undefined}
        accessibilityTraits={undefined}
        accessible={true}
        hasTVPreferredFocus={undefined}
        hitSlop={undefined}
        isTVSelectable={true}
        onLayout={undefined}
        onResponderGrant={[Function]}
        onResponderMove={[Function]}
        onResponderRelease={[Function]}
        onResponderTerminate={[Function]}
        onResponderTerminationRequest={[Function]}
        onStartShouldSetResponder={[Function]}
        style={
          Array [
            Object {
              "backgroundColor": "transparent",
            },
            undefined,
          ]
        }
        testID={undefined}
        tvParallaxProperties={undefined}
      >
        <View
          style={
            Array [
              Object {
                "alignItems": "center",
                "backgroundColor": "#fff",
                "flexDirection": "row",
                "flexGrow": 1,
                "paddingLeft": 15,
              },
              undefined,
            ]
          }
        >
          <View
            accessibilityComponentType={undefined}
            accessibilityLabel={undefined}
            accessibilityTraits={undefined}
            accessible={true}
            hitSlop={undefined}
            onLayout={undefined}
            onResponderGrant={[Function]}
            onResponderMove={[Function]}
            onResponderRelease={[Function]}
            onResponderTerminate={[Function]}
            onResponderTerminationRequest={[Function]}
            onStartShouldSetResponder={[Function]}
            style={
              Array [
                Object {
                  "alignItems": "center",
                  "flexDirection": "row",
                },
              ]
            }
            testID={undefined}
          >
            <Image
              source={1}
              style={
                Array [
                  Object {
                    "height": 21,
                    "width": 21,
                  },
                  Array [
                    Object {
                      "alignSelf": "center",
                      "marginRight": 8,
                    },
                    undefined,
                  ],
                ]
              }
            />
          </View>
          <View
            style={
              Array [
                Object {
                  "alignItems": "center",
                  "borderBottomColor": "#ddd",
                  "borderBottomWidth": 0.5,
                  "flex": 1,
                  "flexDirection": "row",
                  "minHeight": 45,
                  "paddingBottom": 6,
                  "paddingRight": 15,
                  "paddingTop": 6,
                },
                false,
                false,
              ]
            }
          >
            <View
              style={
                Array [
                  Object {
                    "flex": 1,
                    "flexDirection": "column",
                  },
                ]
              }
            >
              <Text
                accessible={true}
                allowFontScaling={true}
                ellipsizeMode="tail"
                numberOfLines={1}
                style={
                  Array [
                    Object {
                      "color": "#000",
                      "fontSize": 17,
                      "lineHeight": 19,
                      "textAlignVertical": "center",
                    },
                  ]
                }
              >
                签约
              </Text>
            </View>
          </View>
        </View>
      </View>
      <View
        accessibilityComponentType={undefined}
        accessibilityLabel={undefined}
        accessibilityTraits={undefined}
        accessible={true}
        hasTVPreferredFocus={undefined}
        hitSlop={undefined}
        isTVSelectable={true}
        onLayout={undefined}
        onResponderGrant={[Function]}
        onResponderMove={[Function]}
        onResponderRelease={[Function]}
        onResponderTerminate={[Function]}
        onResponderTerminationRequest={[Function]}
        onStartShouldSetResponder={[Function]}
        style={
          Array [
            Object {
              "backgroundColor": "transparent",
            },
            undefined,
          ]
        }
        testID={undefined}
        tvParallaxProperties={undefined}
      >
        <View
          style={
            Array [
              Object {
                "alignItems": "center",
                "backgroundColor": "#fff",
                "flexDirection": "row",
                "flexGrow": 1,
                "paddingLeft": 15,
              },
              undefined,
            ]
          }
        >
          <View
            accessibilityComponentType={undefined}
            accessibilityLabel={undefined}
            accessibilityTraits={undefined}
            accessible={true}
            hitSlop={undefined}
            onLayout={undefined}
            onResponderGrant={[Function]}
            onResponderMove={[Function]}
            onResponderRelease={[Function]}
            onResponderTerminate={[Function]}
            onResponderTerminationRequest={[Function]}
            onStartShouldSetResponder={[Function]}
            style={
              Array [
                Object {
                  "alignItems": "center",
                  "flexDirection": "row",
                },
              ]
            }
            testID={undefined}
          >
            <Image
              source={1}
              style={
                Array [
                  Object {
                    "height": 21,
                    "width": 21,
                  },
                  Array [
                    Object {
                      "alignSelf": "center",
                      "marginRight": 8,
                    },
                    undefined,
                  ],
                ]
              }
            />
          </View>
          <View
            style={
              Array [
                Object {
                  "alignItems": "center",
                  "borderBottomColor": "#ddd",
                  "borderBottomWidth": 0.5,
                  "flex": 1,
                  "flexDirection": "row",
                  "minHeight": 45,
                  "paddingBottom": 6,
                  "paddingRight": 15,
                  "paddingTop": 6,
                },
                false,
                false,
              ]
            }
          >
            <View
              style={
                Array [
                  Object {
                    "flex": 1,
                    "flexDirection": "column",
                  },
                ]
              }
            >
              <Text
                accessible={true}
                allowFontScaling={true}
                ellipsizeMode="tail"
                numberOfLines={1}
                style={
                  Array [
                    Object {
                      "color": "#000",
                      "fontSize": 17,
                      "lineHeight": 19,
                      "textAlignVertical": "center",
                    },
                  ]
                }
              >
                物料铺设
              </Text>
            </View>
          </View>
        </View>
      </View>
      <View
        accessibilityComponentType={undefined}
        accessibilityLabel={undefined}
        accessibilityTraits={undefined}
        accessible={true}
        hasTVPreferredFocus={undefined}
        hitSlop={undefined}
        isTVSelectable={true}
        onLayout={undefined}
        onResponderGrant={[Function]}
        onResponderMove={[Function]}
        onResponderRelease={[Function]}
        onResponderTerminate={[Function]}
        onResponderTerminationRequest={[Function]}
        onStartShouldSetResponder={[Function]}
        style={
          Array [
            Object {
              "backgroundColor": "transparent",
            },
            undefined,
          ]
        }
        testID={undefined}
        tvParallaxProperties={undefined}
      >
        <View
          style={
            Array [
              Object {
                "alignItems": "center",
                "backgroundColor": "#fff",
                "flexDirection": "row",
                "flexGrow": 1,
                "paddingLeft": 15,
              },
              undefined,
            ]
          }
        >
          <View
            accessibilityComponentType={undefined}
            accessibilityLabel={undefined}
            accessibilityTraits={undefined}
            accessible={true}
            hitSlop={undefined}
            onLayout={undefined}
            onResponderGrant={[Function]}
            onResponderMove={[Function]}
            onResponderRelease={[Function]}
            onResponderTerminate={[Function]}
            onResponderTerminationRequest={[Function]}
            onStartShouldSetResponder={[Function]}
            style={
              Array [
                Object {
                  "alignItems": "center",
                  "flexDirection": "row",
                },
              ]
            }
            testID={undefined}
          >
            <Image
              source={1}
              style={
                Array [
                  Object {
                    "height": 21,
                    "width": 21,
                  },
                  Array [
                    Object {
                      "alignSelf": "center",
                      "marginRight": 8,
                    },
                    undefined,
                  ],
                ]
              }
            />
          </View>
          <View
            style={
              Array [
                Object {
                  "alignItems": "center",
                  "borderBottomColor": "#ddd",
                  "borderBottomWidth": 0.5,
                  "flex": 1,
                  "flexDirection": "row",
                  "minHeight": 45,
                  "paddingBottom": 6,
                  "paddingRight": 15,
                  "paddingTop": 6,
                },
                false,
                false,
              ]
            }
          >
            <View
              style={
                Array [
                  Object {
                    "flex": 1,
                    "flexDirection": "column",
                  },
                ]
              }
            >
              <Text
                accessible={true}
                allowFontScaling={true}
                ellipsizeMode="tail"
                numberOfLines={1}
                style={
                  Array [
                    Object {
                      "color": "#000",
                      "fontSize": 17,
                      "lineHeight": 19,
                      "textAlignVertical": "center",
                    },
                  ]
                }
              >
                机具维护（不能选）
              </Text>
            </View>
          </View>
        </View>
      </View>
      <View
        accessibilityComponentType={undefined}
        accessibilityLabel={undefined}
        accessibilityTraits={undefined}
        accessible={true}
        hasTVPreferredFocus={undefined}
        hitSlop={undefined}
        isTVSelectable={true}
        onLayout={undefined}
        onResponderGrant={[Function]}
        onResponderMove={[Function]}
        onResponderRelease={[Function]}
        onResponderTerminate={[Function]}
        onResponderTerminationRequest={[Function]}
        onStartShouldSetResponder={[Function]}
        style={
          Array [
            Object {
              "backgroundColor": "transparent",
            },
            undefined,
          ]
        }
        testID={undefined}
        tvParallaxProperties={undefined}
      >
        <View
          style={
            Array [
              Object {
                "alignItems": "center",
                "backgroundColor": "#fff",
                "flexDirection": "row",
                "flexGrow": 1,
                "paddingLeft": 15,
              },
              undefined,
            ]
          }
        >
          <View
            accessibilityComponentType={undefined}
            accessibilityLabel={undefined}
            accessibilityTraits={undefined}
            accessible={true}
            hitSlop={undefined}
            onLayout={undefined}
            onResponderGrant={[Function]}
            onResponderMove={[Function]}
            onResponderRelease={[Function]}
            onResponderTerminate={[Function]}
            onResponderTerminationRequest={[Function]}
            onStartShouldSetResponder={[Function]}
            style={
              Array [
                Object {
                  "alignItems": "center",
                  "flexDirection": "row",
                },
              ]
            }
            testID={undefined}
          >
            <Image
              source={1}
              style={
                Array [
                  Object {
                    "height": 21,
                    "width": 21,
                  },
                  Array [
                    Object {
                      "alignSelf": "center",
                      "marginRight": 8,
                    },
                    undefined,
                  ],
                ]
              }
            />
          </View>
          <View
            style={
              Array [
                Object {
                  "alignItems": "center",
                  "borderBottomColor": "#ddd",
                  "borderBottomWidth": 0.5,
                  "flex": 1,
                  "flexDirection": "row",
                  "minHeight": 45,
                  "paddingBottom": 6,
                  "paddingRight": 15,
                  "paddingTop": 6,
                },
                false,
                false,
              ]
            }
          >
            <View
              style={
                Array [
                  Object {
                    "flex": 1,
                    "flexDirection": "column",
                  },
                ]
              }
            >
              <Text
                accessible={true}
                allowFontScaling={true}
                ellipsizeMode="tail"
                numberOfLines={1}
                style={
                  Array [
                    Object {
                      "color": "#000",
                      "fontSize": 17,
                      "lineHeight": 19,
                      "textAlignVertical": "center",
                    },
                  ]
                }
              >
                产品问题解决（必选）
              </Text>
            </View>
          </View>
        </View>
      </View>
      <View
        style={
          Array [
            Object {
              "backgroundColor": "#fff",
              "borderBottomColor": "#ddd",
              "borderBottomWidth": 0.5,
              "bottom": 0,
              "height": 1,
              "left": 0,
              "position": "absolute",
              "right": 0,
            },
          ]
        }
      />
    </View>
  </View>
</View>
`;
