// Jest Snapshot v1, https://goo.gl/fbAQLP

exports[`renders ./components/grid/demo/basic.md correctly 1`] = `
<div>
  <div
    class="sub-title"
  >
    basic usage
  </div>
  <div
    class="am-grid am-grid-line"
  >
    <div
      class="am-flexbox am-flexbox-justify-center am-flexbox-align-stretch"
    >
      <div
        class="am-flexbox-item am-grid-item"
        style="width:25%;"
      >
        <div
          class="am-grid-item-content"
        >
          <div
            class="am-grid-item-inner-content column-num-4"
          >
            <img
              class="am-grid-icon"
              src="https://os.alipayobjects.com/rmsportal/IptWdCkrtkAUfjE.png"
            />
            <div
              class="am-grid-text"
            >
              name0
            </div>
          </div>
        </div>
      </div>
      <div
        class="am-flexbox-item am-grid-item"
        style="width:25%;"
      >
        <div
          class="am-grid-item-content"
        >
          <div
            class="am-grid-item-inner-content column-num-4"
          >
            <img
              class="am-grid-icon"
              src="https://os.alipayobjects.com/rmsportal/IptWdCkrtkAUfjE.png"
            />
            <div
              class="am-grid-text"
            >
              name1
            </div>
          </div>
        </div>
      </div>
      <div
        class="am-flexbox-item am-grid-item"
        style="width:25%;"
      >
        <div
          class="am-grid-item-content"
        >
          <div
            class="am-grid-item-inner-content column-num-4"
          >
            <img
              class="am-grid-icon"
              src="https://os.alipayobjects.com/rmsportal/IptWdCkrtkAUfjE.png"
            />
            <div
              class="am-grid-text"
            >
              name2
            </div>
          </div>
        </div>
      </div>
      <div
        class="am-flexbox-item am-grid-item"
        style="width:25%;"
      >
        <div
          class="am-grid-item-content"
        >
          <div
            class="am-grid-item-inner-content column-num-4"
          >
            <img
              class="am-grid-icon"
              src="https://os.alipayobjects.com/rmsportal/IptWdCkrtkAUfjE.png"
            />
            <div
              class="am-grid-text"
            >
              name3
            </div>
          </div>
        </div>
      </div>
    </div>
    <div
      class="am-flexbox am-flexbox-justify-center am-flexbox-align-stretch"
    >
      <div
        class="am-flexbox-item am-grid-item"
        style="width:25%;"
      >
        <div
          class="am-grid-item-content"
        >
          <div
            class="am-grid-item-inner-content column-num-4"
          >
            <img
              class="am-grid-icon"
              src="https://os.alipayobjects.com/rmsportal/IptWdCkrtkAUfjE.png"
            />
            <div
              class="am-grid-text"
            >
              name4
            </div>
          </div>
        </div>
      </div>
      <div
        class="am-flexbox-item am-grid-item"
        style="width:25%;"
      >
        <div
          class="am-grid-item-content"
        >
          <div
            class="am-grid-item-inner-content column-num-4"
          >
            <img
              class="am-grid-icon"
              src="https://os.alipayobjects.com/rmsportal/IptWdCkrtkAUfjE.png"
            />
            <div
              class="am-grid-text"
            >
              name5
            </div>
          </div>
        </div>
      </div>
      <div
        class="am-flexbox-item am-grid-item"
        style="width:25%;"
      >
        <div
          class="am-grid-item-content"
        >
          <div
            class="am-grid-item-inner-content column-num-4"
          >
            <img
              class="am-grid-icon"
              src="https://os.alipayobjects.com/rmsportal/IptWdCkrtkAUfjE.png"
            />
            <div
              class="am-grid-text"
            >
              name6
            </div>
          </div>
        </div>
      </div>
      <div
        class="am-flexbox-item am-grid-item"
        style="width:25%;"
      >
        <div
          class="am-grid-item-content"
        >
          <div
            class="am-grid-item-inner-content column-num-4"
          >
            <img
              class="am-grid-icon"
              src="https://os.alipayobjects.com/rmsportal/IptWdCkrtkAUfjE.png"
            />
            <div
              class="am-grid-text"
            >
              name7
            </div>
          </div>
        </div>
      </div>
    </div>
    <div
      class="am-flexbox am-flexbox-justify-center am-flexbox-align-stretch"
    >
      <div
        class="am-flexbox-item am-grid-item"
        style="width:25%;"
      >
        <div
          class="am-grid-item-content"
        >
          <div
            class="am-grid-item-inner-content column-num-4"
          >
            <img
              class="am-grid-icon"
              src="https://os.alipayobjects.com/rmsportal/IptWdCkrtkAUfjE.png"
            />
            <div
              class="am-grid-text"
            >
              name8
            </div>
          </div>
        </div>
      </div>
      <div
        class="am-flexbox-item"
        style="width:25%;"
      />
      <div
        class="am-flexbox-item"
        style="width:25%;"
      />
      <div
        class="am-flexbox-item"
        style="width:25%;"
      />
    </div>
  </div>
  <div
    class="sub-title"
  >
    no border
  </div>
  <div
    class="am-grid"
  >
    <div
      class="am-flexbox am-flexbox-justify-center am-flexbox-align-stretch"
    >
      <div
        class="am-flexbox-item am-grid-item"
        style="width:33.333333333333336%;"
      >
        <div
          class="am-grid-item-content"
        >
          <div
            class="am-grid-item-inner-content column-num-3"
          >
            <img
              class="am-grid-icon"
              src="https://os.alipayobjects.com/rmsportal/IptWdCkrtkAUfjE.png"
            />
            <div
              class="am-grid-text"
            >
              name0
            </div>
          </div>
        </div>
      </div>
      <div
        class="am-flexbox-item am-grid-item"
        style="width:33.333333333333336%;"
      >
        <div
          class="am-grid-item-content"
        >
          <div
            class="am-grid-item-inner-content column-num-3"
          >
            <img
              class="am-grid-icon"
              src="https://os.alipayobjects.com/rmsportal/IptWdCkrtkAUfjE.png"
            />
            <div
              class="am-grid-text"
            >
              name1
            </div>
          </div>
        </div>
      </div>
      <div
        class="am-flexbox-item am-grid-item"
        style="width:33.333333333333336%;"
      >
        <div
          class="am-grid-item-content"
        >
          <div
            class="am-grid-item-inner-content column-num-3"
          >
            <img
              class="am-grid-icon"
              src="https://os.alipayobjects.com/rmsportal/IptWdCkrtkAUfjE.png"
            />
            <div
              class="am-grid-text"
            >
              name2
            </div>
          </div>
        </div>
      </div>
    </div>
    <div
      class="am-flexbox am-flexbox-justify-center am-flexbox-align-stretch"
    >
      <div
        class="am-flexbox-item am-grid-item"
        style="width:33.333333333333336%;"
      >
        <div
          class="am-grid-item-content"
        >
          <div
            class="am-grid-item-inner-content column-num-3"
          >
            <img
              class="am-grid-icon"
              src="https://os.alipayobjects.com/rmsportal/IptWdCkrtkAUfjE.png"
            />
            <div
              class="am-grid-text"
            >
              name3
            </div>
          </div>
        </div>
      </div>
      <div
        class="am-flexbox-item am-grid-item"
        style="width:33.333333333333336%;"
      >
        <div
          class="am-grid-item-content"
        >
          <div
            class="am-grid-item-inner-content column-num-3"
          >
            <img
              class="am-grid-icon"
              src="https://os.alipayobjects.com/rmsportal/IptWdCkrtkAUfjE.png"
            />
            <div
              class="am-grid-text"
            >
              name4
            </div>
          </div>
        </div>
      </div>
      <div
        class="am-flexbox-item am-grid-item"
        style="width:33.333333333333336%;"
      >
        <div
          class="am-grid-item-content"
        >
          <div
            class="am-grid-item-inner-content column-num-3"
          >
            <img
              class="am-grid-icon"
              src="https://os.alipayobjects.com/rmsportal/IptWdCkrtkAUfjE.png"
            />
            <div
              class="am-grid-text"
            >
              name5
            </div>
          </div>
        </div>
      </div>
    </div>
    <div
      class="am-flexbox am-flexbox-justify-center am-flexbox-align-stretch"
    >
      <div
        class="am-flexbox-item am-grid-item"
        style="width:33.333333333333336%;"
      >
        <div
          class="am-grid-item-content"
        >
          <div
            class="am-grid-item-inner-content column-num-3"
          >
            <img
              class="am-grid-icon"
              src="https://os.alipayobjects.com/rmsportal/IptWdCkrtkAUfjE.png"
            />
            <div
              class="am-grid-text"
            >
              name6
            </div>
          </div>
        </div>
      </div>
      <div
        class="am-flexbox-item am-grid-item"
        style="width:33.333333333333336%;"
      >
        <div
          class="am-grid-item-content"
        >
          <div
            class="am-grid-item-inner-content column-num-3"
          >
            <img
              class="am-grid-icon"
              src="https://os.alipayobjects.com/rmsportal/IptWdCkrtkAUfjE.png"
            />
            <div
              class="am-grid-text"
            >
              name7
            </div>
          </div>
        </div>
      </div>
      <div
        class="am-flexbox-item am-grid-item"
        style="width:33.333333333333336%;"
      >
        <div
          class="am-grid-item-content"
        >
          <div
            class="am-grid-item-inner-content column-num-3"
          >
            <img
              class="am-grid-icon"
              src="https://os.alipayobjects.com/rmsportal/IptWdCkrtkAUfjE.png"
            />
            <div
              class="am-grid-text"
            >
              name8
            </div>
          </div>
        </div>
      </div>
    </div>
  </div>
  <div
    class="sub-title"
  >
    carousel
  </div>
  <div
    class="am-grid am-grid-line"
  />
  <div
    class="sub-title"
  >
    custom content
  </div>
  <div
    class="am-grid"
  >
    <div
      class="am-flexbox am-flexbox-justify-center am-flexbox-align-stretch"
    >
      <div
        class="am-flexbox-item am-grid-item"
        style="width:33.333333333333336%;"
      >
        <div
          class="am-grid-item-content"
        >
          <div
            style="margin:0.16rem;background:#f7f7f7;text-align:center;"
          >
            <div
              style="background:rgba(0, 0, 0, 0.1);padding:0.08rem;"
            >
              <span>
                1.name0
              </span>
            </div>
            <img
              src="https://zos.alipayobjects.com/rmsportal/wIjMDnsrDoPPcIV.png"
              style="width:80%;margin:0.12rem;"
            />
          </div>
        </div>
      </div>
      <div
        class="am-flexbox-item am-grid-item"
        style="width:33.333333333333336%;"
      >
        <div
          class="am-grid-item-content"
        >
          <div
            style="margin:0.16rem;background:#f7f7f7;text-align:center;"
          >
            <div
              style="background:rgba(0, 0, 0, 0.1);padding:0.08rem;"
            >
              <span>
                2.name1
              </span>
            </div>
            <img
              src="https://zos.alipayobjects.com/rmsportal/wIjMDnsrDoPPcIV.png"
              style="width:80%;margin:0.12rem;"
            />
          </div>
        </div>
      </div>
      <div
        class="am-flexbox-item am-grid-item"
        style="width:33.333333333333336%;"
      >
        <div
          class="am-grid-item-content"
        >
          <div
            style="margin:0.16rem;background:#f7f7f7;text-align:center;"
          >
            <div
              style="background:rgba(0, 0, 0, 0.1);padding:0.08rem;"
            >
              <span>
                3.name2
              </span>
            </div>
            <img
              src="https://zos.alipayobjects.com/rmsportal/wIjMDnsrDoPPcIV.png"
              style="width:80%;margin:0.12rem;"
            />
          </div>
        </div>
      </div>
    </div>
    <div
      class="am-flexbox am-flexbox-justify-center am-flexbox-align-stretch"
    >
      <div
        class="am-flexbox-item am-grid-item"
        style="width:33.333333333333336%;"
      >
        <div
          class="am-grid-item-content"
        >
          <div
            style="margin:0.16rem;background:#f7f7f7;text-align:center;"
          >
            <div
              style="background:rgba(0, 0, 0, 0.1);padding:0.08rem;"
            >
              <span>
                4.name3
              </span>
            </div>
            <img
              src="https://zos.alipayobjects.com/rmsportal/wIjMDnsrDoPPcIV.png"
              style="width:80%;margin:0.12rem;"
            />
          </div>
        </div>
      </div>
      <div
        class="am-flexbox-item am-grid-item"
        style="width:33.333333333333336%;"
      >
        <div
          class="am-grid-item-content"
        >
          <div
            style="margin:0.16rem;background:#f7f7f7;text-align:center;"
          >
            <div
              style="background:rgba(0, 0, 0, 0.1);padding:0.08rem;"
            >
              <span>
                5.name4
              </span>
            </div>
            <img
              src="https://zos.alipayobjects.com/rmsportal/wIjMDnsrDoPPcIV.png"
              style="width:80%;margin:0.12rem;"
            />
          </div>
        </div>
      </div>
      <div
        class="am-flexbox-item"
        style="width:33.333333333333336%;"
      />
    </div>
  </div>
</div>
`;
