// Jest Snapshot v1, https://goo.gl/fbAQLP

exports[`renders ./components/table/demo/basic.md correctly 1`] = `
<div
  style="padding:20px;"
>
  <div
    class="am-table am-table-scroll-position-left"
  >
    <div
      class="am-table-content"
    >
      <div
        class="am-table-scroll"
      >
        <div
          class="am-table-body"
          style="overflow-x:auto;"
        >
          <table
            class="am-table-fixed"
            style="table-layout:fixed;"
          >
            <colgroup>
              <col
                style="width:1rem;min-width:1rem;"
              />
              <col
                style="width:1rem;min-width:1rem;"
              />
              <col
                style="width:1rem;min-width:1rem;"
              />
              <col
                style="width:1rem;min-width:1rem;"
              />
              <col
                style="width:1rem;min-width:1rem;"
              />
              <col
                style="width:1rem;min-width:1rem;"
              />
              <col
                style="width:1rem;min-width:1rem;"
              />
              <col
                style="width:1rem;min-width:1rem;"
              />
              <col
                style="width:1rem;min-width:1rem;"
              />
              <col
                style="width:1rem;min-width:1rem;"
              />
              <col
                style="width:1rem;min-width:1rem;"
              />
            </colgroup>
            <tbody
              class="am-table-tbody"
            >
              <tr
                class="am-table-row  am-table-row-level-0"
              >
                <td
                  class=""
                >
                  <span
                    class="am-table-row-indent indent-level-0"
                    style="padding-left:0px;"
                  />
                  人物1
                </td>
                <td
                  class=""
                >
                  二哈
                </td>
                <td
                  class=""
                >
                  32
                </td>
                <td
                  class=""
                />
                <td
                  class=""
                >
                  32
                </td>
                <td
                  class=""
                >
                  32
                </td>
                <td
                  class=""
                >
                  32
                </td>
                <td
                  class=""
                >
                  32
                </td>
                <td
                  class=""
                >
                  32
                </td>
                <td
                  class=""
                >
                  32
                </td>
                <td
                  class=""
                >
                  32
                </td>
              </tr>
              <tr
                class="am-table-row  am-table-row-level-0"
              >
                <td
                  class=""
                >
                  <span
                    class="am-table-row-indent indent-level-0"
                    style="padding-left:0px;"
                  />
                  人物2
                </td>
                <td
                  class=""
                >
                  小明
                </td>
                <td
                  class=""
                >
                  98
                </td>
                <td
                  class=""
                />
                <td
                  class=""
                >
                  98
                </td>
                <td
                  class=""
                >
                  98
                </td>
                <td
                  class=""
                >
                  98
                </td>
                <td
                  class=""
                >
                  98
                </td>
                <td
                  class=""
                >
                  98
                </td>
                <td
                  class=""
                >
                  98
                </td>
                <td
                  class=""
                >
                  98
                </td>
              </tr>
              <tr
                class="am-table-row  am-table-row-level-0"
              >
                <td
                  class=""
                >
                  <span
                    class="am-table-row-indent indent-level-0"
                    style="padding-left:0px;"
                  />
                  人物3
                </td>
                <td
                  class=""
                >
                  猪头
                </td>
                <td
                  class=""
                />
                <td
                  class=""
                >
                  16
                </td>
                <td
                  class=""
                />
                <td
                  class=""
                />
                <td
                  class=""
                />
                <td
                  class=""
                />
                <td
                  class=""
                />
                <td
                  class=""
                />
                <td
                  class=""
                />
              </tr>
              <tr
                class="am-table-row  am-table-row-level-0"
              >
                <td
                  class=""
                >
                  <span
                    class="am-table-row-indent indent-level-0"
                    style="padding-left:0px;"
                  />
                  人物4
                </td>
                <td
                  class=""
                >
                  小二
                </td>
                <td
                  class=""
                />
                <td
                  class=""
                >
                  33
                </td>
                <td
                  class=""
                />
                <td
                  class=""
                />
                <td
                  class=""
                />
                <td
                  class=""
                />
                <td
                  class=""
                />
                <td
                  class=""
                />
                <td
                  class=""
                />
              </tr>
            </tbody>
          </table>
        </div>
      </div>
      <div
        class="am-table-fixed-left"
      >
        <div
          class="am-table-body-outer"
        >
          <div
            class="am-table-body-inner"
          >
            <table
              class="am-table-fixed"
            >
              <colgroup>
                <col
                  style="width:1rem;min-width:1rem;"
                />
              </colgroup>
              <tbody
                class="am-table-tbody"
              >
                <tr
                  class="am-table-row  am-table-row-level-0"
                >
                  <td
                    class=""
                  >
                    <span
                      class="am-table-row-indent indent-level-0"
                      style="padding-left:0px;"
                    />
                    人物1
                  </td>
                </tr>
                <tr
                  class="am-table-row  am-table-row-level-0"
                >
                  <td
                    class=""
                  >
                    <span
                      class="am-table-row-indent indent-level-0"
                      style="padding-left:0px;"
                    />
                    人物2
                  </td>
                </tr>
                <tr
                  class="am-table-row  am-table-row-level-0"
                >
                  <td
                    class=""
                  >
                    <span
                      class="am-table-row-indent indent-level-0"
                      style="padding-left:0px;"
                    />
                    人物3
                  </td>
                </tr>
                <tr
                  class="am-table-row  am-table-row-level-0"
                >
                  <td
                    class=""
                  >
                    <span
                      class="am-table-row-indent indent-level-0"
                      style="padding-left:0px;"
                    />
                    人物4
                  </td>
                </tr>
              </tbody>
            </table>
          </div>
        </div>
      </div>
    </div>
  </div>
</div>
`;
