// Jest Snapshot v1, https://goo.gl/fbAQLP

exports[`renders ./components/switch/demo/basic.tsx correctly 1`] = `
<View
  style={
    Object {
      "marginTop": 20,
    }
  }
>
  <View
    style={
      Object {
        "backgroundColor": "#fff",
        "borderTopColor": "#ddd",
        "borderTopWidth": 0.5,
      }
    }
  >
    <View
      accessibilityComponentType={undefined}
      accessibilityLabel={undefined}
      accessibilityTraits={undefined}
      accessible={true}
      hasTVPreferredFocus={undefined}
      hitSlop={undefined}
      isTVSelectable={true}
      onLayout={undefined}
      onResponderGrant={[Function]}
      onResponderMove={[Function]}
      onResponderRelease={[Function]}
      onResponderTerminate={[Function]}
      onResponderTerminationRequest={[Function]}
      onStartShouldSetResponder={[Function]}
      style={
        Array [
          Object {
            "backgroundColor": "transparent",
          },
          undefined,
        ]
      }
      testID={undefined}
      tvParallaxProperties={undefined}
    >
      <View
        style={
          Array [
            Object {
              "alignItems": "center",
              "backgroundColor": "#fff",
              "flexDirection": "row",
              "flexGrow": 1,
              "paddingLeft": 15,
            },
            undefined,
          ]
        }
      >
        <View
          style={
            Array [
              Object {
                "alignItems": "center",
                "borderBottomColor": "#ddd",
                "borderBottomWidth": 0.5,
                "flex": 1,
                "flexDirection": "row",
                "minHeight": 45,
                "paddingBottom": 6,
                "paddingRight": 15,
                "paddingTop": 6,
              },
              false,
              false,
            ]
          }
        >
          <View
            style={
              Array [
                Object {
                  "flex": 1,
                  "flexDirection": "column",
                },
              ]
            }
          >
            <Text
              accessible={true}
              allowFontScaling={true}
              ellipsizeMode="tail"
              numberOfLines={1}
              style={
                Array [
                  Object {
                    "color": "#000",
                    "fontSize": 17,
                    "lineHeight": 19,
                    "textAlignVertical": "center",
                  },
                ]
              }
            >
              默认开(受控)
            </Text>
          </View>
          <RCTSwitch
            disabled={false}
            onChange={[Function]}
            onResponderTerminationRequest={[Function]}
            onStartShouldSetResponder={[Function]}
            onValueChange={[Function]}
            style={
              Array [
                Object {
                  "height": 31,
                  "width": 51,
                },
                undefined,
              ]
            }
            value={true}
          />
        </View>
      </View>
    </View>
    <View
      accessibilityComponentType={undefined}
      accessibilityLabel={undefined}
      accessibilityTraits={undefined}
      accessible={true}
      hasTVPreferredFocus={undefined}
      hitSlop={undefined}
      isTVSelectable={true}
      onLayout={undefined}
      onResponderGrant={[Function]}
      onResponderMove={[Function]}
      onResponderRelease={[Function]}
      onResponderTerminate={[Function]}
      onResponderTerminationRequest={[Function]}
      onStartShouldSetResponder={[Function]}
      style={
        Array [
          Object {
            "backgroundColor": "transparent",
          },
          undefined,
        ]
      }
      testID={undefined}
      tvParallaxProperties={undefined}
    >
      <View
        style={
          Array [
            Object {
              "alignItems": "center",
              "backgroundColor": "#fff",
              "flexDirection": "row",
              "flexGrow": 1,
              "paddingLeft": 15,
            },
            undefined,
          ]
        }
      >
        <View
          style={
            Array [
              Object {
                "alignItems": "center",
                "borderBottomColor": "#ddd",
                "borderBottomWidth": 0.5,
                "flex": 1,
                "flexDirection": "row",
                "minHeight": 45,
                "paddingBottom": 6,
                "paddingRight": 15,
                "paddingTop": 6,
              },
              false,
              false,
            ]
          }
        >
          <View
            style={
              Array [
                Object {
                  "flex": 1,
                  "flexDirection": "column",
                },
              ]
            }
          >
            <Text
              accessible={true}
              allowFontScaling={true}
              ellipsizeMode="tail"
              numberOfLines={1}
              style={
                Array [
                  Object {
                    "color": "#000",
                    "fontSize": 17,
                    "lineHeight": 19,
                    "textAlignVertical": "center",
                  },
                ]
              }
            >
              默认关(受控)
            </Text>
          </View>
          <RCTSwitch
            disabled={false}
            onChange={[Function]}
            onResponderTerminationRequest={[Function]}
            onStartShouldSetResponder={[Function]}
            onValueChange={[Function]}
            style={
              Array [
                Object {
                  "height": 31,
                  "width": 51,
                },
                undefined,
              ]
            }
            value={false}
          />
        </View>
      </View>
    </View>
    <View
      accessibilityComponentType={undefined}
      accessibilityLabel={undefined}
      accessibilityTraits={undefined}
      accessible={true}
      hasTVPreferredFocus={undefined}
      hitSlop={undefined}
      isTVSelectable={true}
      onLayout={undefined}
      onResponderGrant={[Function]}
      onResponderMove={[Function]}
      onResponderRelease={[Function]}
      onResponderTerminate={[Function]}
      onResponderTerminationRequest={[Function]}
      onStartShouldSetResponder={[Function]}
      style={
        Array [
          Object {
            "backgroundColor": "transparent",
          },
          undefined,
        ]
      }
      testID={undefined}
      tvParallaxProperties={undefined}
    >
      <View
        style={
          Array [
            Object {
              "alignItems": "center",
              "backgroundColor": "#fff",
              "flexDirection": "row",
              "flexGrow": 1,
              "paddingLeft": 15,
            },
            undefined,
          ]
        }
      >
        <View
          style={
            Array [
              Object {
                "alignItems": "center",
                "borderBottomColor": "#ddd",
                "borderBottomWidth": 0.5,
                "flex": 1,
                "flexDirection": "row",
                "minHeight": 45,
                "paddingBottom": 6,
                "paddingRight": 15,
                "paddingTop": 6,
              },
              false,
              false,
            ]
          }
        >
          <View
            style={
              Array [
                Object {
                  "flex": 1,
                  "flexDirection": "column",
                },
              ]
            }
          >
            <Text
              accessible={true}
              allowFontScaling={true}
              ellipsizeMode="tail"
              numberOfLines={1}
              style={
                Array [
                  Object {
                    "color": "#000",
                    "fontSize": 17,
                    "lineHeight": 19,
                    "textAlignVertical": "center",
                  },
                ]
              }
            >
              onChange 事件，开关状态：
            </Text>
            <Text
              accessible={true}
              allowFontScaling={true}
              ellipsizeMode="tail"
              numberOfLines={1}
              style={
                Array [
                  Object {
                    "color": "#000",
                    "fontSize": 17,
                    "lineHeight": 19,
                    "textAlignVertical": "center",
                  },
                ]
              }
            >
              close
            </Text>
          </View>
          <RCTSwitch
            disabled={false}
            onChange={[Function]}
            onResponderTerminationRequest={[Function]}
            onStartShouldSetResponder={[Function]}
            onValueChange={[Function]}
            style={
              Array [
                Object {
                  "height": 31,
                  "width": 51,
                },
                undefined,
              ]
            }
            value={false}
          />
        </View>
      </View>
    </View>
    <View
      accessibilityComponentType={undefined}
      accessibilityLabel={undefined}
      accessibilityTraits={undefined}
      accessible={true}
      hasTVPreferredFocus={undefined}
      hitSlop={undefined}
      isTVSelectable={true}
      onLayout={undefined}
      onResponderGrant={[Function]}
      onResponderMove={[Function]}
      onResponderRelease={[Function]}
      onResponderTerminate={[Function]}
      onResponderTerminationRequest={[Function]}
      onStartShouldSetResponder={[Function]}
      style={
        Array [
          Object {
            "backgroundColor": "transparent",
          },
          undefined,
        ]
      }
      testID={undefined}
      tvParallaxProperties={undefined}
    >
      <View
        style={
          Array [
            Object {
              "alignItems": "center",
              "backgroundColor": "#fff",
              "flexDirection": "row",
              "flexGrow": 1,
              "paddingLeft": 15,
            },
            undefined,
          ]
        }
      >
        <View
          style={
            Array [
              Object {
                "alignItems": "center",
                "borderBottomColor": "#ddd",
                "borderBottomWidth": 0.5,
                "flex": 1,
                "flexDirection": "row",
                "minHeight": 45,
                "paddingBottom": 6,
                "paddingRight": 15,
                "paddingTop": 6,
              },
              false,
              false,
            ]
          }
        >
          <View
            style={
              Array [
                Object {
                  "flex": 1,
                  "flexDirection": "column",
                },
              ]
            }
          >
            <Text
              accessible={true}
              allowFontScaling={true}
              ellipsizeMode="tail"
              numberOfLines={1}
              style={
                Array [
                  Object {
                    "color": "#000",
                    "fontSize": 17,
                    "lineHeight": 19,
                    "textAlignVertical": "center",
                  },
                ]
              }
            >
              默认关不可修改
            </Text>
          </View>
          <RCTSwitch
            disabled={true}
            onChange={[Function]}
            onResponderTerminationRequest={[Function]}
            onStartShouldSetResponder={[Function]}
            onValueChange={[Function]}
            style={
              Array [
                Object {
                  "height": 31,
                  "width": 51,
                },
                undefined,
              ]
            }
            value={false}
          />
        </View>
      </View>
    </View>
    <View
      style={
        Array [
          Object {
            "backgroundColor": "#fff",
            "borderBottomColor": "#ddd",
            "borderBottomWidth": 0.5,
            "bottom": 0,
            "height": 1,
            "left": 0,
            "position": "absolute",
            "right": 0,
          },
        ]
      }
    />
  </View>
</View>
`;
