// Jest Snapshot v1, https://goo.gl/fbAQLP

exports[`renders ./components/switch/demo/basic.md correctly 1`] = `
<div
  class="am-list"
>
  <div
    class="am-list-header"
  >
    表单开关项
  </div>
  <div
    class="am-list-body"
  >
    <div
      class="am-list-item am-list-item-middle"
    >
      <div
        class="am-list-line"
      >
        <div
          class="am-list-content"
        >
          默认开
        </div>
        <div
          class="am-list-extra"
        >
          <label
            class="am-switch"
            role="switch"
          >
            <input
              checked=""
              class="am-switch-checkbox"
              name=""
              type="checkbox"
            />
            <div
              class="checkbox"
            />
          </label>
        </div>
      </div>
      <div
        class="am-list-ripple"
        style="display:none;"
      />
    </div>
    <div
      class="am-list-item am-list-item-middle"
    >
      <div
        class="am-list-line"
      >
        <div
          class="am-list-content"
        >
          默认关
        </div>
        <div
          class="am-list-extra"
        >
          <label
            class="am-switch"
            role="switch"
          >
            <input
              class="am-switch-checkbox"
              name=""
              type="checkbox"
            />
            <div
              class="checkbox"
            />
          </label>
        </div>
      </div>
      <div
        class="am-list-ripple"
        style="display:none;"
      />
    </div>
    <div
      class="am-list-item am-list-item-middle"
    >
      <div
        class="am-list-line"
      >
        <div
          class="am-list-content"
        >
          默认关不可修改
        </div>
        <div
          class="am-list-extra"
        >
          <label
            class="am-switch"
            role="switch"
          >
            <input
              class="am-switch-checkbox"
              disabled=""
              name=""
              type="checkbox"
            />
            <div
              class="checkbox"
            />
          </label>
        </div>
      </div>
      <div
        class="am-list-ripple"
        style="display:none;"
      />
    </div>
    <div
      class="am-list-item am-list-item-middle"
    >
      <div
        class="am-list-line"
      >
        <div
          class="am-list-content"
        >
          默认开不可修改
        </div>
        <div
          class="am-list-extra"
        >
          <label
            class="am-switch"
            role="switch"
          >
            <input
              checked=""
              class="am-switch-checkbox"
              disabled=""
              name=""
              type="checkbox"
            />
            <div
              class="checkbox"
            />
          </label>
        </div>
      </div>
      <div
        class="am-list-ripple"
        style="display:none;"
      />
    </div>
    <div
      class="am-list-item am-list-item-middle"
    >
      <div
        class="am-list-line"
      >
        <div
          class="am-list-content"
        >
          Android平台样式
        </div>
        <div
          class="am-list-extra"
        >
          <label
            class="am-switch am-switch-android"
            role="switch"
          >
            <input
              class="am-switch-checkbox"
              name=""
              type="checkbox"
            />
            <div
              class="checkbox"
            />
          </label>
        </div>
      </div>
      <div
        class="am-list-ripple"
        style="display:none;"
      />
    </div>
    <div
      class="am-list-item am-list-item-middle"
    >
      <div
        class="am-list-line"
      >
        <div
          class="am-list-content"
        >
          iOS平台样式
        </div>
        <div
          class="am-list-extra"
        >
          <label
            class="am-switch"
            role="switch"
          >
            <input
              checked=""
              class="am-switch-checkbox"
              name=""
              type="checkbox"
            />
            <div
              class="checkbox"
            />
          </label>
        </div>
      </div>
      <div
        class="am-list-ripple"
        style="display:none;"
      />
    </div>
  </div>
</div>
`;
